Starting a Gradle Daemon, 3 busy Daemons could not be reused, use --status for details
> Task :gradle:checkKotlinGradlePluginConfigurationErrors SKIPPED
> Task :gradle:compileKotlin UP-TO-DATE
> Task :gradle:compileJava NO-SOURCE
> Task :gradle:compileGroovy NO-SOURCE
> Task :gradle:pluginDescriptors UP-TO-DATE
> Task :gradle:processResources UP-TO-DATE
> Task :gradle:classes UP-TO-DATE
> Task :gradle:jar UP-TO-DATE
> Task :app:ClientDebugMinSdkCheck
> Task :app:preBuild UP-TO-DATE
> Task :app:preClientDebugBuild UP-TO-DATE
> Task :app:mergeClientDebugNativeDebugMetadata NO-SOURCE
> Task :app:checkKotlinGradlePluginConfigurationErrors SKIPPED
> Task :app:compileFlutterBuildClientDebug
> Task :app:packJniLibsflutterBuildClientDebug UP-TO-DATE
> Task :flutter_plugin_android_lifecycle:preBuild UP-TO-DATE
> Task :flutter_plugin_android_lifecycle:preDebugBuild UP-TO-DATE
> Task :flutter_plugin_android_lifecycle:writeDebugAarMetadata UP-TO-DATE
> Task :flutter_secure_storage:preBuild UP-TO-DATE
> Task :flutter_secure_storage:preDebugBuild UP-TO-DATE
> Task :flutter_secure_storage:writeDebugAarMetadata UP-TO-DATE
> Task :local_auth_android:preBuild UP-TO-DATE
> Task :local_auth_android:preDebugBuild UP-TO-DATE
> Task :local_auth_android:writeDebugAarMetadata UP-TO-DATE
> Task :mobile_scanner:preBuild UP-TO-DATE
> Task :mobile_scanner:preDebugBuild UP-TO-DATE
> Task :mobile_scanner:writeDebugAarMetadata UP-TO-DATE
> Task :path_provider_android:preBuild UP-TO-DATE
> Task :path_provider_android:preDebugBuild UP-TO-DATE
> Task :path_provider_android:writeDebugAarMetadata UP-TO-DATE
> Task :app:checkClientDebugAarMetadata UP-TO-DATE
> Task :app:cleanMergeClientDebugAssets
> Task :app:mergeClientDebugShaders UP-TO-DATE
> Task :app:compileClientDebugShaders NO-SOURCE
> Task :app:generateClientDebugAssets UP-TO-DATE
> Task :flutter_plugin_android_lifecycle:mergeDebugShaders UP-TO-DATE
> Task :flutter_plugin_android_lifecycle:compileDebugShaders NO-SOURCE
> Task :flutter_plugin_android_lifecycle:generateDebugAssets UP-TO-DATE
> Task :flutter_plugin_android_lifecycle:mergeDebugAssets UP-TO-DATE
> Task :flutter_secure_storage:mergeDebugShaders UP-TO-DATE
> Task :flutter_secure_storage:compileDebugShaders NO-SOURCE
> Task :flutter_secure_storage:generateDebugAssets UP-TO-DATE
> Task :flutter_secure_storage:mergeDebugAssets UP-TO-DATE
> Task :local_auth_android:mergeDebugShaders UP-TO-DATE
> Task :local_auth_android:compileDebugShaders NO-SOURCE
> Task :local_auth_android:generateDebugAssets UP-TO-DATE
> Task :local_auth_android:mergeDebugAssets UP-TO-DATE
> Task :mobile_scanner:mergeDebugShaders UP-TO-DATE
> Task :mobile_scanner:compileDebugShaders NO-SOURCE
> Task :mobile_scanner:generateDebugAssets UP-TO-DATE
> Task :mobile_scanner:mergeDebugAssets UP-TO-DATE
> Task :path_provider_android:mergeDebugShaders UP-TO-DATE
> Task :path_provider_android:compileDebugShaders NO-SOURCE
> Task :path_provider_android:generateDebugAssets UP-TO-DATE
> Task :path_provider_android:mergeDebugAssets UP-TO-DATE
> Task :app:mergeClientDebugAssets
> Task :app:copyFlutterAssetsClientDebug
> Task :app:generateClientDebugResValues UP-TO-DATE
> Task :flutter_plugin_android_lifecycle:generateDebugResValues UP-TO-DATE
> Task :flutter_plugin_android_lifecycle:generateDebugResources UP-TO-DATE
> Task :flutter_plugin_android_lifecycle:packageDebugResources UP-TO-DATE
> Task :flutter_secure_storage:generateDebugResValues UP-TO-DATE
> Task :flutter_secure_storage:generateDebugResources UP-TO-DATE
> Task :flutter_secure_storage:packageDebugResources UP-TO-DATE
> Task :local_auth_android:generateDebugResValues UP-TO-DATE
> Task :local_auth_android:generateDebugResources UP-TO-DATE
> Task :local_auth_android:packageDebugResources UP-TO-DATE
> Task :mobile_scanner:generateDebugResValues UP-TO-DATE
> Task :mobile_scanner:generateDebugResources UP-TO-DATE
> Task :mobile_scanner:packageDebugResources UP-TO-DATE
> Task :path_provider_android:generateDebugResValues UP-TO-DATE
> Task :path_provider_android:generateDebugResources UP-TO-DATE
> Task :path_provider_android:packageDebugResources UP-TO-DATE
> Task :app:mapClientDebugSourceSetPaths UP-TO-DATE
> Task :app:generateClientDebugResources UP-TO-DATE
> Task :app:mergeClientDebugResources UP-TO-DATE
> Task :app:packageClientDebugResources UP-TO-DATE
> Task :app:parseClientDebugLocalResources UP-TO-DATE
> Task :app:createClientDebugCompatibleScreenManifests UP-TO-DATE
> Task :app:extractDeepLinksClientDebug UP-TO-DATE
> Task :flutter_plugin_android_lifecycle:extractDeepLinksDebug UP-TO-DATE
> Task :flutter_plugin_android_lifecycle:processDebugManifest UP-TO-DATE
> Task :flutter_secure_storage:extractDeepLinksDebug UP-TO-DATE
> Task :flutter_secure_storage:processDebugManifest UP-TO-DATE
> Task :local_auth_android:extractDeepLinksDebug UP-TO-DATE
> Task :local_auth_android:processDebugManifest UP-TO-DATE
> Task :mobile_scanner:extractDeepLinksDebug UP-TO-DATE
> Task :mobile_scanner:processDebugManifest UP-TO-DATE
> Task :path_provider_android:extractDeepLinksDebug UP-TO-DATE
> Task :path_provider_android:processDebugManifest UP-TO-DATE
> Task :app:processClientDebugMainManifest UP-TO-DATE
> Task :app:outputClientDebugAppLinkSettings UP-TO-DATE
> Task :app:processClientDebugManifest UP-TO-DATE
> Task :app:processClientDebugManifestForPackage UP-TO-DATE
> Task :flutter_plugin_android_lifecycle:compileDebugLibraryResources UP-TO-DATE
> Task :flutter_plugin_android_lifecycle:parseDebugLocalResources UP-TO-DATE
> Task :flutter_plugin_android_lifecycle:generateDebugRFile UP-TO-DATE
> Task :flutter_secure_storage:compileDebugLibraryResources UP-TO-DATE
> Task :flutter_secure_storage:parseDebugLocalResources UP-TO-DATE
> Task :flutter_secure_storage:generateDebugRFile UP-TO-DATE
> Task :local_auth_android:compileDebugLibraryResources UP-TO-DATE
> Task :local_auth_android:parseDebugLocalResources UP-TO-DATE
> Task :local_auth_android:generateDebugRFile UP-TO-DATE
> Task :mobile_scanner:compileDebugLibraryResources UP-TO-DATE
> Task :mobile_scanner:parseDebugLocalResources UP-TO-DATE
> Task :mobile_scanner:generateDebugRFile UP-TO-DATE
> Task :path_provider_android:compileDebugLibraryResources UP-TO-DATE
> Task :path_provider_android:parseDebugLocalResources UP-TO-DATE
> Task :path_provider_android:generateDebugRFile UP-TO-DATE
> Task :app:processClientDebugResources UP-TO-DATE
> Task :flutter_plugin_android_lifecycle:javaPreCompileDebug UP-TO-DATE
> Task :flutter_plugin_android_lifecycle:compileDebugJavaWithJavac UP-TO-DATE
> Task :flutter_plugin_android_lifecycle:bundleLibCompileToJarDebug UP-TO-DATE
> Task :flutter_secure_storage:generateDebugBuildConfig UP-TO-DATE
> Task :flutter_secure_storage:javaPreCompileDebug UP-TO-DATE
> Task :flutter_secure_storage:compileDebugJavaWithJavac UP-TO-DATE
> Task :flutter_secure_storage:bundleLibCompileToJarDebug UP-TO-DATE
> Task :local_auth_android:javaPreCompileDebug UP-TO-DATE
> Task :local_auth_android:compileDebugJavaWithJavac UP-TO-DATE
> Task :local_auth_android:bundleLibCompileToJarDebug UP-TO-DATE
> Task :mobile_scanner:checkKotlinGradlePluginConfigurationErrors SKIPPED
> Task :mobile_scanner:compileDebugKotlin UP-TO-DATE
> Task :mobile_scanner:javaPreCompileDebug UP-TO-DATE
> Task :mobile_scanner:compileDebugJavaWithJavac NO-SOURCE
> Task :mobile_scanner:bundleLibCompileToJarDebug UP-TO-DATE
> Task :path_provider_android:javaPreCompileDebug UP-TO-DATE
> Task :path_provider_android:compileDebugJavaWithJavac UP-TO-DATE
> Task :path_provider_android:bundleLibCompileToJarDebug UP-TO-DATE
> Task :app:compileClientDebugKotlin UP-TO-DATE
> Task :app:javaPreCompileClientDebug UP-TO-DATE
> Task :app:compileClientDebugJavaWithJavac UP-TO-DATE
> Task :app:compressClientDebugAssets UP-TO-DATE
> Task :local_auth_android:bundleLibRuntimeToJarDebug UP-TO-DATE
> Task :flutter_plugin_android_lifecycle:bundleLibRuntimeToJarDebug UP-TO-DATE
> Task :flutter_secure_storage:bundleLibRuntimeToJarDebug UP-TO-DATE
> Task :mobile_scanner:bundleLibRuntimeToJarDebug UP-TO-DATE
> Task :path_provider_android:bundleLibRuntimeToJarDebug UP-TO-DATE
> Task :app:desugarClientDebugFileDependencies UP-TO-DATE
> Task :app:dexBuilderClientDebug UP-TO-DATE
> Task :app:mergeClientDebugGlobalSynthetics UP-TO-DATE
> Task :app:processClientDebugJavaRes UP-TO-DATE
> Task :flutter_plugin_android_lifecycle:processDebugJavaRes NO-SOURCE
> Task :flutter_secure_storage:processDebugJavaRes NO-SOURCE
> Task :local_auth_android:processDebugJavaRes NO-SOURCE
> Task :mobile_scanner:processDebugJavaRes UP-TO-DATE
> Task :path_provider_android:processDebugJavaRes NO-SOURCE
> Task :app:mergeClientDebugJavaResource UP-TO-DATE
> Task :app:checkClientDebugDuplicateClasses UP-TO-DATE
> Task :app:mergeExtDexClientDebug UP-TO-DATE
> Task :local_auth_android:bundleLibRuntimeToDirDebug UP-TO-DATE
> Task :flutter_plugin_android_lifecycle:bundleLibRuntimeToDirDebug UP-TO-DATE
> Task :flutter_secure_storage:bundleLibRuntimeToDirDebug UP-TO-DATE
> Task :mobile_scanner:bundleLibRuntimeToDirDebug UP-TO-DATE
> Task :path_provider_android:bundleLibRuntimeToDirDebug UP-TO-DATE
> Task :app:mergeProjectDexClientDebug UP-TO-DATE
> Task :app:compileFlutterBuildStaffDebug
> Task :app:mergeLibDexClientDebug UP-TO-DATE
> Task :app:packJniLibsflutterBuildStaffDebug UP-TO-DATE
> Task :app:preStaffDebugBuild UP-TO-DATE
> Task :app:configureCMakeDebug[arm64-v8a]
> Task :app:buildCMakeDebug[arm64-v8a]
> Task :app:configureCMakeDebug[armeabi-v7a]
> Task :app:buildCMakeDebug[armeabi-v7a]
> Task :app:configureCMakeDebug[x86_64]
> Task :app:buildCMakeDebug[x86_64]
> Task :app:mergeClientDebugJniLibFolders UP-TO-DATE
> Task :flutter_plugin_android_lifecycle:mergeDebugJniLibFolders UP-TO-DATE
> Task :flutter_plugin_android_lifecycle:mergeDebugNativeLibs NO-SOURCE
> Task :flutter_plugin_android_lifecycle:copyDebugJniLibsProjectOnly UP-TO-DATE
> Task :flutter_secure_storage:mergeDebugJniLibFolders UP-TO-DATE
> Task :flutter_secure_storage:mergeDebugNativeLibs NO-SOURCE
> Task :flutter_secure_storage:copyDebugJniLibsProjectOnly UP-TO-DATE
> Task :local_auth_android:mergeDebugJniLibFolders UP-TO-DATE
> Task :local_auth_android:mergeDebugNativeLibs NO-SOURCE
> Task :local_auth_android:copyDebugJniLibsProjectOnly UP-TO-DATE
> Task :mobile_scanner:mergeDebugJniLibFolders UP-TO-DATE
> Task :mobile_scanner:mergeDebugNativeLibs NO-SOURCE
> Task :mobile_scanner:copyDebugJniLibsProjectOnly UP-TO-DATE
> Task :path_provider_android:mergeDebugJniLibFolders UP-TO-DATE
> Task :path_provider_android:mergeDebugNativeLibs NO-SOURCE
> Task :path_provider_android:copyDebugJniLibsProjectOnly UP-TO-DATE
> Task :app:mergeClientDebugNativeLibs FAILED

[Incubating] Problems report is available at: file:///D:/Programming/Flutter/gym_frontend/build/reports/problems/problems-report.html
.\gradlew : 
At line:1 char:59
+ ... ng\Flutter\gym_frontend\android; .\gradlew assembleDebug 2>&1 | Tee-O ...
+                                      ~~~~~~~~~~~~~~~~~~~~~~~~~~~~
    + CategoryInfo          : NotSpecified: (:String) [], RemoteException
    + FullyQualifiedErrorId : NativeCommandError
 
FAILURE: Build failed with an exception.

* What went wrong:
Execution failed for task ':app:mergeClientDebugNativeLibs'.
> java.nio.file.AccessDeniedException: D:\Programming\Flutter\gym_frontend\buil
d\app\intermediates\merged_native_libs\clientDebug\mergeClientDebugNativeLibs\o
ut\lib\armeabi-v7a\libbarhopper_v3.so

* Try:
> Run with --stacktrace option to get the stack trace.
> Run with --info or --debug option to get more log output.
> Run with --scan to get full insights.
> Get more help at https://help.gradle.org.

Deprecated Gradle features were used in this build, making it incompatible with Gradle 9.0.

You can use '--warning-mode all' to show the individual deprecation warnings and determine if they come from your own scripts or plugins.

For more on this, please refer to https://docs.gradle.org/8.14/userguide/command_line_interface.html#sec:command_line_warnings in the Gradle documentation.

BUILD FAILED in 4m 18s
140 actionable tasks: 13 executed, 127 up-to-date
